#-----------------------------------------------------------
# Vivado v2023.1 (64-bit)
# SW Build 3865809 on Sun May  7 15:05:29 MDT 2023
# IP Build 3864474 on Sun May  7 20:36:21 MDT 2023
# SharedData Build 3865790 on Sun May 07 13:33:03 MDT 2023
# Start of session at: Thu Sep  4 21:06:52 2025
# Process ID: 10096
# Current directory: D:/DSD2025/DSD_practice_for_git/advanced_practice2/project_1/project_1.runs/xbip_dsp48_macro_0_synth_1
# Command line: vivado.exe -log xbip_dsp48_macro_0.vds -product Vivado -mode batch -messageDb vivado.pb -notrace -source xbip_dsp48_macro_0.tcl
# Log file: D:/DSD2025/DSD_practice_for_git/advanced_practice2/project_1/project_1.runs/xbip_dsp48_macro_0_synth_1/xbip_dsp48_macro_0.vds
# Journal file: D:/DSD2025/DSD_practice_for_git/advanced_practice2/project_1/project_1.runs/xbip_dsp48_macro_0_synth_1\vivado.jou
# Running On: DESKTOP-INFKKCG, OS: Windows, CPU Frequency: 1498 MHz, CPU Physical cores: 4, Host memory: 16930 MB
#-----------------------------------------------------------
source xbip_dsp48_macro_0.tcl -notrace
