#-----------------------------------------------------------
# Vivado v2023.1 (64-bit)
# SW Build 3865809 on Sun May  7 15:05:29 MDT 2023
# IP Build 3864474 on Sun May  7 20:36:21 MDT 2023
# SharedData Build 3865790 on Sun May 07 13:33:03 MDT 2023
# Start of session at: Thu Sep  4 21:40:19 2025
# Process ID: 37044
# Current directory: D:/DSD2025/advanced_practice_1/pre_VECTOR_MUL
# Command line: vivado.exe -gui_launcher_event rodinguilauncherevent11196 D:\DSD2025\advanced_practice_1\pre_VECTOR_MUL\pre_VECTOR_MUL.xpr
# Log file: D:/DSD2025/advanced_practice_1/pre_VECTOR_MUL/vivado.log
# Journal file: D:/DSD2025/advanced_practice_1/pre_VECTOR_MUL\vivado.jou
# Running On: DESKTOP-INFKKCG, OS: Windows, CPU Frequency: 1498 MHz, CPU Physical cores: 4, Host memory: 16930 MB
#-----------------------------------------------------------
start_gui
open_project D:/DSD2025/advanced_practice_1/pre_VECTOR_MUL/pre_VECTOR_MUL.xpr
update_compile_order -fileset sources_1
launch_simulation
open_wave_config D:/DSD2025/DSD_practice_for_git/advanced_practice2/project_1/tb_MAC_behav.wcfg
source tb_MAC.tcl
close_sim
